- Tarqeq
- Pan
- Daphnis
- Atlas
- Prometheus
- Pandora
- Epimetheus
- Janus
- Aegaeon
- Mimas
- Methone
- Anthe
- Pallene
- Enceladus
- Tethys
- Calypso
- Telesto
- Polydeuces
- Dione
- Helene
- Rhea
- Titan
- Hyperion
- Iapetus
- Kiviuq
- Ijiraq
- Phoebe
- Paaliaq
- Skathi
- Albiorix
- S/2007 S2
- Bebhionn
- Erriapo
- Siarnaq
- Skoll
- Tarvos
- Greip
- S/2004 S13
- Hyrrokkin
- Mundilfari
- S/2006 S1
- Jarnsaxa
- Narvi
- Bergelmir
- S/2004 S17
- Suttungr
- Hati
- S/2004 S12
- Bestla
- Farbauti
- Thrymr
- S/2007 S3
- Aegir
- S/2004 S7
- S/2006 S3
- Kari
- Fenrir
- Surtur
- Ymir
- Loge
- Fornjot